[Mon Jul 31 14:08:46.658982 2023] [cgi:error] [pid 5616:tid 1864] [client 10.17.240.10:58830] AH02811: script not found or unable to stat: C:/xampp/cgi-bin/test-cgi
[Mon Jul 31 14:08:46.696198 2023] [cgi:error] [pid 5616:tid 1896] [client 10.17.240.10:58840] AH02811: script not found or unable to stat: C:/xampp/cgi-bin/test-cgi
[Mon Jul 31 14:08:46.741813 2023] [cgi:error] [pid 5616:tid 1896] [client 10.17.240.10:58846] AH02811: script not found or unable to stat: C:/xampp/cgi-bin/upload.cgi
[Mon Jul 31 14:08:46.781166 2023] [cgi:error] [pid 5616:tid 1864] [client 10.17.240.10:58860] AH02811: script not found or unable to stat: C:/xampp/cgi-bin/upload.cgi
[Mon Jul 31 14:08:46.836790 2023] [cgi:error] [pid 5616:tid 1864] [client 10.17.240.10:58872] AH02811: script not found or unable to stat: C:/xampp/cgi-bin/urlcount.cgi
[Mon Jul 31 14:08:46.877756 2023] [cgi:error] [pid 5616:tid 1896] [client 10.17.240.10:58878] AH02811: script not found or unable to stat: C:/xampp/cgi-bin/urlcount.cgi
[Mon Jul 31 14:08:46.939701 2023] [cgi:error] [pid 5616:tid 1864] [client 10.17.240.10:58890] AH02811: script not found or unable to stat: C:/xampp/cgi-bin/viewcvs.cgi
[Mon Jul 31 14:08:46.986273 2023] [cgi:error] [pid 5616:tid 1864] [client 10.17.240.10:58896] AH02811: script not found or unable to stat: C:/xampp/cgi-bin/viewcvs.cgi
[Mon Jul 31 14:08:47.018124 2023] [cgi:error] [pid 5616:tid 1896] [client 10.17.240.10:58902] AH02811: script not found or unable to stat: C:/xampp/cgi-bin/wa
[Mon Jul 31 14:08:47.083413 2023] [cgi:error] [pid 5616:tid 1896] [client 10.17.240.10:58918] AH02811: script not found or unable to stat: C:/xampp/cgi-bin/wa
[Mon Jul 31 14:08:47.114807 2023] [cgi:error] [pid 5616:tid 1864] [client 10.17.240.10:58920] AH02811: script not found or unable to stat: C:/xampp/cgi-bin/wa.cgi
[Mon Jul 31 14:08:47.177709 2023] [cgi:error] [pid 5616:tid 1864] [client 10.17.240.10:58932] AH02811: script not found or unable to stat: C:/xampp/cgi-bin/wa.cgi
[Mon Jul 31 14:08:47.223544 2023] [cgi:error] [pid 5616:tid 1896] [client 10.17.240.10:58948] AH02811: script not found or unable to stat: C:/xampp/cgi-bin/wa.exe
[Mon Jul 31 14:08:47.279511 2023] [cgi:error] [pid 5616:tid 1896] [client 10.17.240.10:58958] AH02811: script not found or unable to stat: C:/xampp/cgi-bin/wa.exe
[Mon Jul 31 14:08:47.325049 2023] [cgi:error] [pid 5616:tid 1864] [client 10.17.240.10:58960] AH02811: script not found or unable to stat: C:/xampp/cgi-bin/whois.cgi
[Mon Jul 31 14:08:47.378604 2023] [cgi:error] [pid 5616:tid 1896] [client 10.17.240.10:58972] AH02811: script not found or unable to stat: C:/xampp/cgi-bin/whois.cgi
[Mon Jul 31 14:08:47.774204 2023] [cgi:error] [pid 5616:tid 1864] [client 10.17.240.10:59056] AH02811: script not found or unable to stat: C:/xampp/htdocs/index.cgi
[Mon Jul 31 14:08:47.844304 2023] [cgi:error] [pid 5616:tid 1864] [client 10.17.240.10:59060] AH02811: script not found or unable to stat: C:/xampp/htdocs/index.cgi
[Mon Jul 31 14:08:47.874707 2023] [cgi:error] [pid 5616:tid 1896] [client 10.17.240.10:59062] AH02811: script not found or unable to stat: C:/xampp/htdocs/index.pl
[Mon Jul 31 14:08:47.941107 2023] [cgi:error] [pid 5616:tid 1896] [client 10.17.240.10:59066] AH02811: script not found or unable to stat: C:/xampp/htdocs/index.pl
[Mon Jul 31 14:08:48.042458 2023] [cgi:error] [pid 5616:tid 1896] [client 10.17.240.10:59078] AH02811: script not found or unable to stat: C:/xampp/htdocs/nph-mr.cgi
[Mon Jul 31 14:08:48.129241 2023] [cgi:error] [pid 5616:tid 1896] [client 10.17.240.10:59094] AH02811: script not found or unable to stat: C:/xampp/htdocs/nph-mr.cgi
[Mon Jul 31 14:08:48.131271 2023] [cgi:error] [pid 5616:tid 1864] [client 10.17.240.10:59096] AH02811: script not found or unable to stat: C:/xampp/htdocs/query.cgi
[Mon Jul 31 14:08:48.222453 2023] [cgi:error] [pid 5616:tid 1896] [client 10.17.240.10:59098] AH02811: script not found or unable to stat: C:/xampp/htdocs/query.cgi
[Mon Jul 31 14:08:48.225219 2023] [cgi:error] [pid 5616:tid 1864] [client 10.17.240.10:59104] AH02811: script not found or unable to stat: C:/xampp/htdocs/session_login.cgi
[Mon Jul 31 14:08:48.317915 2023] [cgi:error] [pid 5616:tid 1864] [client 10.17.240.10:59110] AH02811: script not found or unable to stat: C:/xampp/htdocs/show_bug.cgi
[Mon Jul 31 14:08:48.320140 2023] [cgi:error] [pid 5616:tid 1896] [client 10.17.240.10:59108] AH02811: script not found or unable to stat: C:/xampp/htdocs/session_login.cgi
[Mon Jul 31 14:08:48.434860 2023] [cgi:error] [pid 5616:tid 1864] [client 10.17.240.10:59132] AH02811: script not found or unable to stat: C:/xampp/htdocs/show_bug.cgi
[Mon Jul 31 14:08:48.502100 2023] [cgi:error] [pid 5616:tid 1864] [client 10.17.240.10:59148] AH02811: script not found or unable to stat: C:/xampp/htdocs/test.cgi
[Mon Jul 31 14:08:48.634436 2023] [cgi:error] [pid 5616:tid 1864] [client 10.17.240.10:59180] AH02811: script not found or unable to stat: C:/xampp/htdocs/test.cgi
[Mon Jul 31 14:08:48.681161 2023] [cgi:error] [pid 5616:tid 1864] [client 10.17.240.10:59188] AH02811: script not found or unable to stat: C:/xampp/htdocs/whois.cgi
[Mon Jul 31 14:08:48.768387 2023] [php:error] [pid 5616:tid 1896] [client 10.17.240.10:59192] script 'C:/xampp/htdocs/wp-login.php' not found or unable to stat
[Mon Jul 31 14:08:48.809227 2023] [cgi:error] [pid 5616:tid 1864] [client 10.17.240.10:59200] AH02811: script not found or unable to stat: C:/xampp/htdocs/whois.cgi
[Mon Jul 31 14:08:48.855175 2023] [cgi:error] [pid 5616:tid 1864] [client 10.17.240.10:59206] AH02811: script not found or unable to stat: C:/xampp/htdocs/wwwadmin.cgi
[Mon Jul 31 14:08:48.918082 2023] [php:error] [pid 5616:tid 1896] [client 10.17.240.10:59214] script 'C:/xampp/htdocs/wp-login.php' not found or unable to stat
[Mon Jul 31 14:08:48.989082 2023] [cgi:error] [pid 5616:tid 1896] [client 10.17.240.10:59216] AH02811: script not found or unable to stat: C:/xampp/htdocs/wwwboard.cgi
[Mon Jul 31 14:08:49.063360 2023] [cgi:error] [pid 5616:tid 1864] [client 10.17.240.10:59228] AH02811: script not found or unable to stat: C:/xampp/htdocs/wwwadmin.cgi
[Mon Jul 31 14:08:49.141614 2023] [cgi:error] [pid 5616:tid 1896] [client 10.17.240.10:59230] AH02811: script not found or unable to stat: C:/xampp/htdocs/xampp/cgi.cgi
[Mon Jul 31 14:08:49.194401 2023] [cgi:error] [pid 5616:tid 1896] [client 10.17.240.10:59246] AH02811: script not found or unable to stat: C:/xampp/htdocs/wwwboard.cgi
[Mon Jul 31 14:08:49.299772 2023] [cgi:error] [pid 5616:tid 1896] [client 10.17.240.10:59252] AH02811: script not found or unable to stat: C:/xampp/htdocs/xampp/cgi.cgi
[Mon Jul 31 14:08:56.914631 2023] [cgi:error] [pid 5616:tid 1864] [client 10.17.240.10:49584] AH02811: script not found or unable to stat: C:/xampp/htdocs/admin.cgi
[Mon Jul 31 14:08:57.119450 2023] [cgi:error] [pid 5616:tid 1864] [client 10.17.240.10:49616] AH02811: script not found or unable to stat: C:/xampp/htdocs/administrator.cgi
[Mon Jul 31 14:08:57.180481 2023] [cgi:error] [pid 5616:tid 1856] [client 10.17.240.10:49628] AH02811: script not found or unable to stat: C:/xampp/htdocs/admin.cgi
[Mon Jul 31 14:08:57.312845 2023] [cgi:error] [pid 5616:tid 1864] [client 10.17.240.10:49642] AH02811: script not found or unable to stat: C:/xampp/htdocs/buglist.cgi
[Mon Jul 31 14:08:57.359244 2023] [cgi:error] [pid 5616:tid 1856] [client 10.17.240.10:49654] AH02811: script not found or unable to stat: C:/xampp/htdocs/administrator.cgi
[Mon Jul 31 14:08:57.537227 2023] [cgi:error] [pid 5616:tid 1856] [client 10.17.240.10:49666] AH02811: script not found or unable to stat: C:/xampp/htdocs/buglist.cgi
[Mon Jul 31 14:08:57.679839 2023] [cgi:error] [pid 5616:tid 1864] [client 10.17.240.10:49682] AH02811: script not found or unable to stat: C:/xampp/cgi-bin/admin
[Mon Jul 31 14:08:57.862660 2023] [cgi:error] [pid 5616:tid 1856] [client 10.17.240.10:49706] AH02811: script not found or unable to stat: C:/xampp/cgi-bin/admin.cgi
[Mon Jul 31 14:08:57.911575 2023] [cgi:error] [pid 5616:tid 1864] [client 10.17.240.10:49720] AH02811: script not found or unable to stat: C:/xampp/cgi-bin/admin
[Mon Jul 31 14:08:58.028270 2023] [cgi:error] [pid 5616:tid 1856] [client 10.17.240.10:49728] AH02811: script not found or unable to stat: C:/xampp/cgi-bin/admin.pl
[Mon Jul 31 14:08:58.082148 2023] [cgi:error] [pid 5616:tid 1864] [client 10.17.240.10:49738] AH02811: script not found or unable to stat: C:/xampp/cgi-bin/admin.cgi
[Mon Jul 31 14:08:58.229710 2023] [cgi:error] [pid 5616:tid 1864] [client 10.17.240.10:49744] AH02811: script not found or unable to stat: C:/xampp/cgi-bin/administrator
[Mon Jul 31 14:08:58.274107 2023] [cgi:error] [pid 5616:tid 1856] [client 10.17.240.10:49752] AH02811: script not found or unable to stat: C:/xampp/cgi-bin/admin.pl
[Mon Jul 31 14:08:58.418689 2023] [cgi:error] [pid 5616:tid 1856] [client 10.17.240.10:49758] AH02811: script not found or unable to stat: C:/xampp/cgi-bin/administrator.cgi
[Mon Jul 31 14:08:58.474187 2023] [cgi:error] [pid 5616:tid 1864] [client 10.17.240.10:49774] AH02811: script not found or unable to stat: C:/xampp/cgi-bin/administrator
[Mon Jul 31 14:08:58.616258 2023] [cgi:error] [pid 5616:tid 1856] [client 10.17.240.10:49788] AH02811: script not found or unable to stat: C:/xampp/cgi-bin/agorn.cgi
[Mon Jul 31 14:08:58.651454 2023] [cgi:error] [pid 5616:tid 1864] [client 10.17.240.10:49794] AH02811: script not found or unable to stat: C:/xampp/cgi-bin/administrator.cgi
[Mon Jul 31 14:08:58.828891 2023] [cgi:error] [pid 5616:tid 1864] [client 10.17.240.10:49802] AH02811: script not found or unable to stat: C:/xampp/cgi-bin/bugreport.cgi
[Mon Jul 31 14:08:58.844622 2023] [cgi:error] [pid 5616:tid 1856] [client 10.17.240.10:49804] AH02811: script not found or unable to stat: C:/xampp/cgi-bin/agorn.cgi
[Mon Jul 31 14:08:59.027284 2023] [cgi:error] [pid 5616:tid 1856] [client 10.17.240.10:49806] AH02811: script not found or unable to stat: C:/xampp/cgi-bin/cart.cgi
[Mon Jul 31 14:08:59.028220 2023] [cgi:error] [pid 5616:tid 1864] [client 10.17.240.10:49810] AH02811: script not found or unable to stat: C:/xampp/cgi-bin/bugreport.cgi
[Mon Jul 31 14:08:59.222221 2023] [cgi:error] [pid 5616:tid 1856] [client 10.17.240.10:49818] AH02811: script not found or unable to stat: C:/xampp/cgi-bin/clwarn.cgi
[Mon Jul 31 14:08:59.224995 2023] [cgi:error] [pid 5616:tid 1864] [client 10.17.240.10:49824] AH02811: script not found or unable to stat: C:/xampp/cgi-bin/cart.cgi
[Mon Jul 31 14:08:59.411709 2023] [cgi:error] [pid 5616:tid 1856] [client 10.17.240.10:49830] AH02811: script not found or unable to stat: C:/xampp/cgi-bin/clwarn.cgi
[Mon Jul 31 14:08:59.411709 2023] [cgi:error] [pid 5616:tid 1864] [client 10.17.240.10:49826] AH02811: script not found or unable to stat: C:/xampp/cgi-bin/count.cgi
[Mon Jul 31 14:08:59.587393 2023] [cgi:error] [pid 5616:tid 1864] [client 10.17.240.10:49854] AH02811: script not found or unable to stat: C:/xampp/cgi-bin/Count.cgi
[Mon Jul 31 14:08:59.587393 2023] [cgi:error] [pid 5616:tid 1856] [client 10.17.240.10:49844] AH02811: script not found or unable to stat: C:/xampp/cgi-bin/count.cgi
[Mon Jul 31 14:08:59.790226 2023] [cgi:error] [pid 5616:tid 1864] [client 10.17.240.10:49866] AH02811: script not found or unable to stat: C:/xampp/cgi-bin/faqmanager.cgi
[Mon Jul 31 14:08:59.793914 2023] [cgi:error] [pid 5616:tid 1896] [client 10.17.240.10:49890] AH02811: script not found or unable to stat: C:/xampp/cgi-bin/Count.cgi
[Mon Jul 31 14:08:59.990682 2023] [cgi:error] [pid 5616:tid 1856] [client 10.17.240.10:49932] AH02811: script not found or unable to stat: C:/xampp/cgi-bin/faqmanager.cgi
[Mon Jul 31 14:08:59.990682 2023] [cgi:error] [pid 5616:tid 1864] [client 10.17.240.10:49916] AH02811: script not found or unable to stat: C:/xampp/cgi-bin/FormHandler.cgi
[Mon Jul 31 14:09:00.176993 2023] [cgi:error] [pid 5616:tid 1864] [client 10.17.240.10:49956] AH02811: script not found or unable to stat: C:/xampp/cgi-bin/FormMail.cgi
[Mon Jul 31 14:09:00.194105 2023] [cgi:error] [pid 5616:tid 1856] [client 10.17.240.10:49948] AH02811: script not found or unable to stat: C:/xampp/cgi-bin/FormHandler.cgi
[Mon Jul 31 14:09:00.373604 2023] [cgi:error] [pid 5616:tid 1856] [client 10.17.240.10:49964] AH02811: script not found or unable to stat: C:/xampp/cgi-bin/guestbook.cgi
[Mon Jul 31 14:09:00.379274 2023] [cgi:error] [pid 5616:tid 1864] [client 10.17.240.10:49968] AH02811: script not found or unable to stat: C:/xampp/cgi-bin/FormMail.cgi
[Mon Jul 31 14:09:00.570053 2023] [cgi:error] [pid 5616:tid 1864] [client 10.17.240.10:49982] AH02811: script not found or unable to stat: C:/xampp/cgi-bin/help.cgi
[Mon Jul 31 14:09:00.570053 2023] [cgi:error] [pid 5616:tid 1856] [client 10.17.240.10:49986] AH02811: script not found or unable to stat: C:/xampp/cgi-bin/guestbook.cgi
[Mon Jul 31 14:09:00.765934 2023] [cgi:error] [pid 5616:tid 1856] [client 10.17.240.10:49992] AH02811: script not found or unable to stat: C:/xampp/cgi-bin/hi
[Mon Jul 31 14:09:00.765934 2023] [cgi:error] [pid 5616:tid 1864] [client 10.17.240.10:50000] AH02811: script not found or unable to stat: C:/xampp/cgi-bin/help.cgi
[Mon Jul 31 14:09:00.962273 2023] [cgi:error] [pid 5616:tid 1856] [client 10.17.240.10:50010] AH02811: script not found or unable to stat: C:/xampp/cgi-bin/hi
[Mon Jul 31 14:09:00.962273 2023] [cgi:error] [pid 5616:tid 1864] [client 10.17.240.10:50002] AH02811: script not found or unable to stat: C:/xampp/cgi-bin/index.cgi
[Mon Jul 31 14:09:01.162116 2023] [cgi:error] [pid 5616:tid 1864] [client 10.17.240.10:50020] AH02811: script not found or unable to stat: C:/xampp/cgi-bin/index.cgi
[Mon Jul 31 14:09:01.167829 2023] [cgi:error] [pid 5616:tid 1856] [client 10.17.240.10:50022] AH02811: script not found or unable to stat: C:/xampp/cgi-bin/index.pl
[Mon Jul 31 14:09:01.347299 2023] [cgi:error] [pid 5616:tid 1856] [client 10.17.240.10:50042] AH02811: script not found or unable to stat: C:/xampp/cgi-bin/index.sh
[Mon Jul 31 14:09:01.364951 2023] [cgi:error] [pid 5616:tid 1864] [client 10.17.240.10:50036] AH02811: script not found or unable to stat: C:/xampp/cgi-bin/index.pl
[Mon Jul 31 14:09:01.542292 2023] [cgi:error] [pid 5616:tid 1864] [client 10.17.240.10:50044] AH02811: script not found or unable to stat: C:/xampp/cgi-bin/login.cgi
[Mon Jul 31 14:09:01.559081 2023] [cgi:error] [pid 5616:tid 1856] [client 10.17.240.10:50060] AH02811: script not found or unable to stat: C:/xampp/cgi-bin/index.sh
[Mon Jul 31 14:09:01.737482 2023] [cgi:error] [pid 5616:tid 1856] [client 10.17.240.10:50072] AH02811: script not found or unable to stat: C:/xampp/cgi-bin/mailit.pl
[Mon Jul 31 14:09:01.766479 2023] [cgi:error] [pid 5616:tid 1864] [client 10.17.240.10:50086] AH02811: script not found or unable to stat: C:/xampp/cgi-bin/login
[Mon Jul 31 14:09:01.946023 2023] [cgi:error] [pid 5616:tid 1864] [client 10.17.240.10:50094] AH02811: script not found or unable to stat: C:/xampp/cgi-bin/mt
[Mon Jul 31 14:09:01.952691 2023] [cgi:error] [pid 5616:tid 1856] [client 10.17.240.10:50100] AH02811: script not found or unable to stat: C:/xampp/cgi-bin/login.cgi
[Mon Jul 31 14:09:02.126200 2023] [cgi:error] [pid 5616:tid 1856] [client 10.17.240.10:50116] AH02811: script not found or unable to stat: C:/xampp/cgi-bin/mt
[Mon Jul 31 14:09:02.149173 2023] [cgi:error] [pid 5616:tid 1864] [client 10.17.240.10:50118] AH02811: script not found or unable to stat: C:/xampp/cgi-bin/mailit.pl
[Mon Jul 31 14:09:02.294764 2023] [cgi:error] [pid 5616:tid 1864] [client 10.17.240.10:50126] AH02811: script not found or unable to stat: C:/xampp/cgi-bin/mt-static
[Mon Jul 31 14:09:02.319755 2023] [cgi:error] [pid 5616:tid 1856] [client 10.17.240.10:50132] AH02811: script not found or unable to stat: C:/xampp/cgi-bin/mt
[Mon Jul 31 14:09:02.489176 2023] [cgi:error] [pid 5616:tid 1856] [client 10.17.240.10:50148] AH02811: script not found or unable to stat: C:/xampp/cgi-bin/mt-static
[Mon Jul 31 14:09:02.517977 2023] [cgi:error] [pid 5616:tid 1864] [client 10.17.240.10:50158] AH02811: script not found or unable to stat: C:/xampp/cgi-bin/mt
[Mon Jul 31 14:09:02.669414 2023] [cgi:error] [pid 5616:tid 1864] [client 10.17.240.10:50174] AH02811: script not found or unable to stat: C:/xampp/cgi-bin/ncbook
[Mon Jul 31 14:09:02.698138 2023] [cgi:error] [pid 5616:tid 1856] [client 10.17.240.10:50184] AH02811: script not found or unable to stat: C:/xampp/cgi-bin/mt-static
[Mon Jul 31 14:09:02.859812 2023] [cgi:error] [pid 5616:tid 1856] [client 10.17.240.10:50198] AH02811: script not found or unable to stat: C:/xampp/cgi-bin/printenv
[Mon Jul 31 14:09:02.891883 2023] [cgi:error] [pid 5616:tid 1864] [client 10.17.240.10:50214] AH02811: script not found or unable to stat: C:/xampp/cgi-bin/mt-static
[Mon Jul 31 14:09:03.049500 2023] [cgi:error] [pid 5616:tid 1864] [client 10.17.240.10:50228] AH02811: script not found or unable to stat: C:/xampp/cgi-bin/printenv.cgi
[Mon Jul 31 14:09:03.094516 2023] [cgi:error] [pid 5616:tid 1856] [client 10.17.240.10:50238] AH02811: script not found or unable to stat: C:/xampp/cgi-bin/ncbook
[Mon Jul 31 14:09:03.241614 2023] [cgi:error] [pid 5616:tid 1856] [client 10.17.240.10:50250] AH02811: script not found or unable to stat: C:/xampp/cgi-bin/quickstore.cgi
[Mon Jul 31 14:09:03.267830 2023] [cgi:error] [pid 5616:tid 1864] [client 10.17.240.10:50266] AH02811: script not found or unable to stat: C:/xampp/cgi-bin/printenv
[Mon Jul 31 14:09:03.413179 2023] [cgi:error] [pid 5616:tid 1864] [client 10.17.240.10:50274] AH02811: script not found or unable to stat: C:/xampp/cgi-bin/search
[Mon Jul 31 14:09:03.436155 2023] [cgi:error] [pid 5616:tid 1856] [client 10.17.240.10:50282] AH02811: script not found or unable to stat: C:/xampp/cgi-bin/printenv.cgi
[Mon Jul 31 14:09:03.585881 2023] [cgi:error] [pid 5616:tid 1856] [client 10.17.240.10:50298] AH02811: script not found or unable to stat: C:/xampp/cgi-bin/search.cgi
[Mon Jul 31 14:09:03.635577 2023] [cgi:error] [pid 5616:tid 1864] [client 10.17.240.10:50302] AH02811: script not found or unable to stat: C:/xampp/cgi-bin/quickstore.cgi
[Mon Jul 31 14:09:03.770344 2023] [cgi:error] [pid 5616:tid 1856] [client 10.17.240.10:50306] AH02811: script not found or unable to stat: C:/xampp/cgi-bin/search
[Mon Jul 31 14:09:03.826068 2023] [cgi:error] [pid 5616:tid 1864] [client 10.17.240.10:50314] AH02811: script not found or unable to stat: C:/xampp/cgi-bin/search
[Mon Jul 31 14:09:03.941951 2023] [cgi:error] [pid 5616:tid 1856] [client 10.17.240.10:50320] AH02811: script not found or unable to stat: C:/xampp/cgi-bin/status
[Mon Jul 31 14:09:04.026064 2023] [cgi:error] [pid 5616:tid 1864] [client 10.17.240.10:50328] AH02811: script not found or unable to stat: C:/xampp/cgi-bin/search.cgi
[Mon Jul 31 14:09:04.133024 2023] [cgi:error] [pid 5616:tid 1856] [client 10.17.240.10:50330] AH02811: script not found or unable to stat: C:/xampp/cgi-bin/status.cgi
[Mon Jul 31 14:09:04.236289 2023] [cgi:error] [pid 5616:tid 1864] [client 10.17.240.10:50334] AH02811: script not found or unable to stat: C:/xampp/cgi-bin/search
[Mon Jul 31 14:09:04.338386 2023] [cgi:error] [pid 5616:tid 1856] [client 10.17.240.10:50340] AH02811: script not found or unable to stat: C:/xampp/cgi-bin/test.cgi
[Mon Jul 31 14:09:04.443154 2023] [cgi:error] [pid 5616:tid 1864] [client 10.17.240.10:50350] AH02811: script not found or unable to stat: C:/xampp/cgi-bin/status
[Mon Jul 31 14:09:04.529338 2023] [cgi:error] [pid 5616:tid 1856] [client 10.17.240.10:50358] AH02811: script not found or unable to stat: C:/xampp/cgi-bin/test.sh
[Mon Jul 31 14:09:04.620954 2023] [cgi:error] [pid 5616:tid 1864] [client 10.17.240.10:37742] AH02811: script not found or unable to stat: C:/xampp/cgi-bin/status.cgi
[Mon Jul 31 14:09:04.710124 2023] [cgi:error] [pid 5616:tid 1856] [client 10.17.240.10:37756] AH02811: script not found or unable to stat: C:/xampp/cgi-bin/test-cgi
[Mon Jul 31 14:09:04.803688 2023] [cgi:error] [pid 5616:tid 1864] [client 10.17.240.10:37758] AH02811: script not found or unable to stat: C:/xampp/cgi-bin/test.cgi
[Mon Jul 31 14:09:04.908174 2023] [cgi:error] [pid 5616:tid 1856] [client 10.17.240.10:37772] AH02811: script not found or unable to stat: C:/xampp/cgi-bin/upload.cgi
[Mon Jul 31 14:09:05.007662 2023] [cgi:error] [pid 5616:tid 1864] [client 10.17.240.10:37776] AH02811: script not found or unable to stat: C:/xampp/cgi-bin/test.sh
[Mon Jul 31 14:09:05.093270 2023] [cgi:error] [pid 5616:tid 1856] [client 10.17.240.10:37792] AH02811: script not found or unable to stat: C:/xampp/cgi-bin/urlcount.cgi
[Mon Jul 31 14:09:05.197308 2023] [cgi:error] [pid 5616:tid 1864] [client 10.17.240.10:37802] AH02811: script not found or unable to stat: C:/xampp/cgi-bin/test-cgi
[Mon Jul 31 14:09:05.293680 2023] [cgi:error] [pid 5616:tid 1856] [client 10.17.240.10:37814] AH02811: script not found or unable to stat: C:/xampp/cgi-bin/viewcvs.cgi
[Mon Jul 31 14:09:05.384991 2023] [cgi:error] [pid 5616:tid 1864] [client 10.17.240.10:37828] AH02811: script not found or unable to stat: C:/xampp/cgi-bin/upload.cgi
[Mon Jul 31 14:09:05.489318 2023] [cgi:error] [pid 5616:tid 1856] [client 10.17.240.10:37834] AH02811: script not found or unable to stat: C:/xampp/cgi-bin/wa
[Mon Jul 31 14:09:05.589321 2023] [cgi:error] [pid 5616:tid 1864] [client 10.17.240.10:37840] AH02811: script not found or unable to stat: C:/xampp/cgi-bin/urlcount.cgi
[Mon Jul 31 14:09:05.686076 2023] [cgi:error] [pid 5616:tid 1856] [client 10.17.240.10:37870] AH02811: script not found or unable to stat: C:/xampp/cgi-bin/wa.cgi
[Mon Jul 31 14:09:05.759154 2023] [cgi:error] [pid 5616:tid 1864] [client 10.17.240.10:37874] AH02811: script not found or unable to stat: C:/xampp/cgi-bin/viewcvs.cgi
[Mon Jul 31 14:09:05.866894 2023] [cgi:error] [pid 5616:tid 1856] [client 10.17.240.10:37890] AH02811: script not found or unable to stat: C:/xampp/cgi-bin/wa.exe
[Mon Jul 31 14:09:05.951202 2023] [cgi:error] [pid 5616:tid 1864] [client 10.17.240.10:37892] AH02811: script not found or unable to stat: C:/xampp/cgi-bin/wa
[Mon Jul 31 14:09:06.048354 2023] [cgi:error] [pid 5616:tid 1856] [client 10.17.240.10:37908] AH02811: script not found or unable to stat: C:/xampp/cgi-bin/whois.cgi
[Mon Jul 31 14:09:06.128819 2023] [cgi:error] [pid 5616:tid 1864] [client 10.17.240.10:37922] AH02811: script not found or unable to stat: C:/xampp/cgi-bin/wa.cgi
[Mon Jul 31 14:09:06.312592 2023] [cgi:error] [pid 5616:tid 1864] [client 10.17.240.10:37938] AH02811: script not found or unable to stat: C:/xampp/cgi-bin/wa.exe
[Mon Jul 31 14:09:06.511613 2023] [cgi:error] [pid 5616:tid 1856] [client 10.17.240.10:37944] AH02811: script not found or unable to stat: C:/xampp/cgi-bin/whois.cgi
[Mon Jul 31 14:09:07.036271 2023] [cgi:error] [pid 5616:tid 1864] [client 10.17.240.10:37986] AH02811: script not found or unable to stat: C:/xampp/htdocs/index.cgi
[Mon Jul 31 14:09:07.221098 2023] [cgi:error] [pid 5616:tid 1856] [client 10.17.240.10:38008] AH02811: script not found or unable to stat: C:/xampp/htdocs/index.pl
[Mon Jul 31 14:09:07.493469 2023] [cgi:error] [pid 5616:tid 1856] [client 10.17.240.10:38026] AH02811: script not found or unable to stat: C:/xampp/htdocs/index.cgi
[Mon Jul 31 14:09:07.654701 2023] [cgi:error] [pid 5616:tid 1864] [client 10.17.240.10:38030] AH02811: script not found or unable to stat: C:/xampp/htdocs/nph-mr.cgi
[Mon Jul 31 14:09:07.687485 2023] [cgi:error] [pid 5616:tid 1856] [client 10.17.240.10:38036] AH02811: script not found or unable to stat: C:/xampp/htdocs/index.pl
[Mon Jul 31 14:09:07.853742 2023] [cgi:error] [pid 5616:tid 1856] [client 10.17.240.10:38048] AH02811: script not found or unable to stat: C:/xampp/htdocs/query.cgi
[Mon Jul 31 14:09:08.041510 2023] [cgi:error] [pid 5616:tid 1864] [client 10.17.240.10:38058] AH02811: script not found or unable to stat: C:/xampp/htdocs/session_login.cgi
[Mon Jul 31 14:09:08.063703 2023] [cgi:error] [pid 5616:tid 1856] [client 10.17.240.10:38066] AH02811: script not found or unable to stat: C:/xampp/htdocs/nph-mr.cgi
[Mon Jul 31 14:09:08.246588 2023] [cgi:error] [pid 5616:tid 1864] [client 10.17.240.10:38078] AH02811: script not found or unable to stat: C:/xampp/htdocs/show_bug.cgi
[Mon Jul 31 14:09:08.246588 2023] [cgi:error] [pid 5616:tid 1896] [client 10.17.240.10:38084] AH02811: script not found or unable to stat: C:/xampp/htdocs/query.cgi
[Mon Jul 31 14:09:08.426505 2023] [cgi:error] [pid 5616:tid 1864] [client 10.17.240.10:38100] AH02811: script not found or unable to stat: C:/xampp/htdocs/session_login.cgi
[Mon Jul 31 14:09:08.604658 2023] [cgi:error] [pid 5616:tid 1896] [client 10.17.240.10:38112] AH02811: script not found or unable to stat: C:/xampp/htdocs/show_bug.cgi
[Mon Jul 31 14:09:08.645611 2023] [cgi:error] [pid 5616:tid 1856] [client 10.17.240.10:38126] AH02811: script not found or unable to stat: C:/xampp/htdocs/test.cgi
[Mon Jul 31 14:09:09.002084 2023] [cgi:error] [pid 5616:tid 1864] [client 10.17.240.10:38180] AH02811: script not found or unable to stat: C:/xampp/htdocs/test.cgi
[Mon Jul 31 14:09:09.044147 2023] [cgi:error] [pid 5616:tid 1856] [client 10.17.240.10:38196] AH02811: script not found or unable to stat: C:/xampp/htdocs/whois.cgi
[Mon Jul 31 14:09:09.225421 2023] [php:error] [pid 5616:tid 1896] [client 10.17.240.10:38210] script 'C:/xampp/htdocs/wp-login.php' not found or unable to stat
[Mon Jul 31 14:09:09.380096 2023] [cgi:error] [pid 5616:tid 1896] [client 10.17.240.10:38212] AH02811: script not found or unable to stat: C:/xampp/htdocs/whois.cgi
[Mon Jul 31 14:09:09.420509 2023] [cgi:error] [pid 5616:tid 1864] [client 10.17.240.10:38228] AH02811: script not found or unable to stat: C:/xampp/htdocs/wwwadmin.cgi
[Mon Jul 31 14:09:09.584894 2023] [php:error] [pid 5616:tid 1864] [client 10.17.240.10:38232] script 'C:/xampp/htdocs/wp-login.php' not found or unable to stat
[Mon Jul 31 14:09:09.611434 2023] [cgi:error] [pid 5616:tid 1856] [client 10.17.240.10:38244] AH02811: script not found or unable to stat: C:/xampp/htdocs/wwwboard.cgi
[Mon Jul 31 14:09:09.759304 2023] [cgi:error] [pid 5616:tid 1856] [client 10.17.240.10:38266] AH02811: script not found or unable to stat: C:/xampp/htdocs/wwwadmin.cgi
[Mon Jul 31 14:09:09.818750 2023] [cgi:error] [pid 5616:tid 1896] [client 10.17.240.10:38276] AH02811: script not found or unable to stat: C:/xampp/htdocs/xampp/cgi.cgi
[Mon Jul 31 14:09:09.960715 2023] [cgi:error] [pid 5616:tid 1896] [client 10.17.240.10:38286] AH02811: script not found or unable to stat: C:/xampp/htdocs/wwwboard.cgi
[Mon Jul 31 14:09:10.152656 2023] [cgi:error] [pid 5616:tid 1896] [client 10.17.240.10:38298] AH02811: script not found or unable to stat: C:/xampp/htdocs/xampp/cgi.cgi
[Mon Jul 31 14:10:38.018580 2023] [php:warn] [pid 5616:tid 1896] [client ::1:61165] PHP Warning:  Undefined variable $fullName in C:\\xampp\\htdocs\\cheatsheet-main\\skillprofile.php on line 244, referer: http://localhost/cheatsheet-main/filteredskill.php
[Mon Jul 31 14:10:38.019580 2023] [php:warn] [pid 5616:tid 1896] [client ::1:61165] PHP Warning:  Undefined variable $qualifications in C:\\xampp\\htdocs\\cheatsheet-main\\skillprofile.php on line 246, referer: http://localhost/cheatsheet-main/filteredskill.php
[Mon Jul 31 14:10:38.019580 2023] [php:warn] [pid 5616:tid 1896] [client ::1:61165] PHP Warning:  Undefined variable $skillSets in C:\\xampp\\htdocs\\cheatsheet-main\\skillprofile.php on line 248, referer: http://localhost/cheatsheet-main/filteredskill.php
[Mon Jul 31 14:10:38.019580 2023] [php:warn] [pid 5616:tid 1896] [client ::1:61165] PHP Warning:  Undefined variable $img in C:\\xampp\\htdocs\\cheatsheet-main\\skillprofile.php on line 250, referer: http://localhost/cheatsheet-main/filteredskill.php
[Mon Jul 31 14:10:38.020578 2023] [php:warn] [pid 5616:tid 1896] [client ::1:61165] PHP Warning:  Undefined variable $email in C:\\xampp\\htdocs\\cheatsheet-main\\skillprofile.php on line 258, referer: http://localhost/cheatsheet-main/filteredskill.php
[Mon Jul 31 14:10:38.020578 2023] [php:warn] [pid 5616:tid 1896] [client ::1:61165] PHP Warning:  Undefined variable $workNumber in C:\\xampp\\htdocs\\cheatsheet-main\\skillprofile.php on line 260, referer: http://localhost/cheatsheet-main/filteredskill.php
[Mon Jul 31 14:10:38.021576 2023] [php:warn] [pid 5616:tid 1896] [client ::1:61165] PHP Warning:  Undefined variable $company in C:\\xampp\\htdocs\\cheatsheet-main\\skillprofile.php on line 264, referer: http://localhost/cheatsheet-main/filteredskill.php
[Mon Jul 31 14:10:38.021576 2023] [php:warn] [pid 5616:tid 1896] [client ::1:61165] PHP Warning:  Undefined variable $department in C:\\xampp\\htdocs\\cheatsheet-main\\skillprofile.php on line 266, referer: http://localhost/cheatsheet-main/filteredskill.php
[Mon Jul 31 14:16:29.035655 2023] [php:warn] [pid 5616:tid 1856] [client ::1:61251] PHP Warning:  Undefined variable $fullName in C:\\xampp\\htdocs\\cheatsheet-main\\skillhome.php on line 74, referer: http://localhost/cheatsheet-main/filteredskill.php
[Mon Jul 31 14:16:29.037651 2023] [php:warn] [pid 5616:tid 1856] [client ::1:61251] PHP Warning:  Undefined variable $img in C:\\xampp\\htdocs\\cheatsheet-main\\skillhome.php on line 76, referer: http://localhost/cheatsheet-main/filteredskill.php
[Mon Jul 31 14:16:57.817785 2023] [php:warn] [pid 5616:tid 1896] [client ::1:61252] PHP Warning:  Undefined variable $fullName in C:\\xampp\\htdocs\\cheatsheet-main\\skillhome.php on line 74, referer: http://localhost/cheatsheet-main/filteredskill.php
[Mon Jul 31 14:16:57.818785 2023] [php:warn] [pid 5616:tid 1896] [client ::1:61252] PHP Warning:  Undefined variable $img in C:\\xampp\\htdocs\\cheatsheet-main\\skillhome.php on line 76, referer: http://localhost/cheatsheet-main/filteredskill.php
[Mon Jul 31 14:20:01.312115 2023] [php:warn] [pid 5616:tid 1896] [client ::1:61308] PHP Warning:  Undefined variable $fullName in C:\\xampp\\htdocs\\cheatsheet-main\\skillhome.php on line 256, referer: http://localhost/cheatsheet-main/filteredskill.php
[Mon Jul 31 14:20:01.313050 2023] [php:warn] [pid 5616:tid 1896] [client ::1:61308] PHP Warning:  Undefined variable $img in C:\\xampp\\htdocs\\cheatsheet-main\\skillhome.php on line 258, referer: http://localhost/cheatsheet-main/filteredskill.php
[Mon Jul 31 14:20:12.911851 2023] [php:warn] [pid 5616:tid 1856] [client ::1:61312] PHP Warning:  Undefined variable $fullName in C:\\xampp\\htdocs\\cheatsheet-main\\skillhome.php on line 256, referer: http://localhost/cheatsheet-main/login.php
[Mon Jul 31 14:20:12.912853 2023] [php:warn] [pid 5616:tid 1856] [client ::1:61312] PHP Warning:  Undefined variable $img in C:\\xampp\\htdocs\\cheatsheet-main\\skillhome.php on line 258, referer: http://localhost/cheatsheet-main/login.php
[Mon Jul 31 14:20:50.276425 2023] [php:warn] [pid 5616:tid 1896] [client ::1:61320] PHP Warning:  Undefined variable $fullName in C:\\xampp\\htdocs\\cheatsheet-main\\skillhome.php on line 256, referer: http://localhost/cheatsheet-main/login.php
[Mon Jul 31 14:20:50.276425 2023] [php:warn] [pid 5616:tid 1896] [client ::1:61320] PHP Warning:  Undefined variable $img in C:\\xampp\\htdocs\\cheatsheet-main\\skillhome.php on line 258, referer: http://localhost/cheatsheet-main/login.php
[Mon Jul 31 14:20:54.364683 2023] [php:warn] [pid 5616:tid 1896] [client ::1:61320] PHP Warning:  Undefined variable $fullName in C:\\xampp\\htdocs\\cheatsheet-main\\skillhome.php on line 256, referer: http://localhost/cheatsheet-main/login.php
[Mon Jul 31 14:20:54.364683 2023] [php:warn] [pid 5616:tid 1896] [client ::1:61320] PHP Warning:  Undefined variable $img in C:\\xampp\\htdocs\\cheatsheet-main\\skillhome.php on line 258, referer: http://localhost/cheatsheet-main/login.php
[Mon Jul 31 14:21:11.487994 2023] [php:warn] [pid 5616:tid 1856] [client ::1:61341] PHP Warning:  Undefined variable $fullName in C:\\xampp\\htdocs\\cheatsheet-main\\skillhome.php on line 77, referer: http://localhost/cheatsheet-main/home.php
[Mon Jul 31 14:21:11.489085 2023] [php:warn] [pid 5616:tid 1856] [client ::1:61341] PHP Warning:  Undefined variable $img in C:\\xampp\\htdocs\\cheatsheet-main\\skillhome.php on line 79, referer: http://localhost/cheatsheet-main/home.php
[Mon Jul 31 14:21:56.650046 2023] [php:warn] [pid 5616:tid 1896] [client ::1:61352] PHP Warning:  Undefined variable $fullName in C:\\xampp\\htdocs\\cheatsheet-main\\skillhome.php on line 246, referer: http://localhost/cheatsheet-main/home.php
[Mon Jul 31 14:21:56.650940 2023] [php:warn] [pid 5616:tid 1896] [client ::1:61352] PHP Warning:  Undefined variable $img in C:\\xampp\\htdocs\\cheatsheet-main\\skillhome.php on line 248, referer: http://localhost/cheatsheet-main/home.php
[Mon Jul 31 14:22:00.043147 2023] [php:warn] [pid 5616:tid 1896] [client ::1:61352] PHP Warning:  Undefined variable $fullName in C:\\xampp\\htdocs\\cheatsheet-main\\skillhome.php on line 246, referer: http://localhost/cheatsheet-main/home.php
[Mon Jul 31 14:22:00.043147 2023] [php:warn] [pid 5616:tid 1896] [client ::1:61352] PHP Warning:  Undefined variable $img in C:\\xampp\\htdocs\\cheatsheet-main\\skillhome.php on line 248, referer: http://localhost/cheatsheet-main/home.php
[Mon Jul 31 14:25:33.505330 2023] [php:warn] [pid 5616:tid 1856] [client ::1:61416] PHP Warning:  Undefined variable $username in C:\\xampp\\htdocs\\cheatsheet-main\\skillhome.php on line 246, referer: http://localhost/cheatsheet-main/home.php
[Mon Jul 31 14:25:33.506361 2023] [php:warn] [pid 5616:tid 1856] [client ::1:61416] PHP Warning:  Undefined variable $img in C:\\xampp\\htdocs\\cheatsheet-main\\skillhome.php on line 248, referer: http://localhost/cheatsheet-main/home.php
[Mon Jul 31 14:28:04.948759 2023] [php:warn] [pid 5616:tid 1896] [client ::1:61483] PHP Warning:  Undefined variable $username in C:\\xampp\\htdocs\\cheatsheet-main\\skillhome.php on line 119, referer: http://localhost/cheatsheet-main/home.php
[Mon Jul 31 14:28:04.949761 2023] [php:warn] [pid 5616:tid 1896] [client ::1:61483] PHP Warning:  Undefined variable $img in C:\\xampp\\htdocs\\cheatsheet-main\\skillhome.php on line 121, referer: http://localhost/cheatsheet-main/home.php
[Mon Jul 31 15:08:09.785317 2023] [php:warn] [pid 5616:tid 1856] [client ::1:62327] PHP Warning:  Undefined variable $img in C:\\xampp\\htdocs\\cheatsheet-main\\filteredskill.php on line 277, referer: http://localhost/cheatsheet-main/skillhome.php
[Mon Jul 31 15:08:09.785806 2023] [php:warn] [pid 5616:tid 1856] [client ::1:62327] PHP Warning:  Undefined variable $img in C:\\xampp\\htdocs\\cheatsheet-main\\filteredskill.php on line 277, referer: http://localhost/cheatsheet-main/skillhome.php
[Mon Jul 31 18:06:27.138310 2023] [php:warn] [pid 5616:tid 1896] [client ::1:64965] PHP Warning:  Undefined variable $skillSets in C:\\xampp\\htdocs\\cheatsheet-main\\filteredskill.php on line 83, referer: http://localhost/cheatsheet-main/filteredskill1.php
[Mon Jul 31 18:32:54.126337 2023] [php:error] [pid 5616:tid 1856] [client ::1:65419] PHP Parse error:  Unclosed '{' on line 89 in C:\\xampp\\htdocs\\cheatsheet-main\\filteredskill.php on line 183, referer: http://localhost/cheatsheet-main/filteredskill1.php
[Mon Jul 31 20:25:55.313523 2023] [php:warn] [pid 5616:tid 1856] [client ::1:51035] PHP Warning:  Undefined variable $img in C:\\xampp\\htdocs\\cheatsheet-main\\skillhome.php on line 125, referer: http://localhost/cheatsheet-main/filteredskill.php
[Mon Jul 31 20:25:55.314526 2023] [php:warn] [pid 5616:tid 1856] [client ::1:51035] PHP Warning:  Undefined variable $img in C:\\xampp\\htdocs\\cheatsheet-main\\skillhome.php on line 125, referer: http://localhost/cheatsheet-main/filteredskill.php
[Mon Jul 31 20:25:55.314526 2023] [php:warn] [pid 5616:tid 1856] [client ::1:51035] PHP Warning:  Undefined variable $img in C:\\xampp\\htdocs\\cheatsheet-main\\skillhome.php on line 125, referer: http://localhost/cheatsheet-main/filteredskill.php
[Mon Jul 31 20:25:55.315558 2023] [php:warn] [pid 5616:tid 1856] [client ::1:51035] PHP Warning:  Undefined variable $img in C:\\xampp\\htdocs\\cheatsheet-main\\skillhome.php on line 125, referer: http://localhost/cheatsheet-main/filteredskill.php
[Mon Jul 31 20:26:19.147102 2023] [php:warn] [pid 5616:tid 1896] [client ::1:51050] PHP Warning:  Undefined variable $img in C:\\xampp\\htdocs\\cheatsheet-main\\skillhome.php on line 125, referer: http://localhost/cheatsheet-main/filteredskill.php
[Mon Jul 31 20:26:19.147102 2023] [php:warn] [pid 5616:tid 1896] [client ::1:51050] PHP Warning:  Undefined variable $img in C:\\xampp\\htdocs\\cheatsheet-main\\skillhome.php on line 125, referer: http://localhost/cheatsheet-main/filteredskill.php
[Mon Jul 31 20:26:19.148103 2023] [php:warn] [pid 5616:tid 1896] [client ::1:51050] PHP Warning:  Undefined variable $img in C:\\xampp\\htdocs\\cheatsheet-main\\skillhome.php on line 125, referer: http://localhost/cheatsheet-main/filteredskill.php
[Mon Jul 31 20:26:19.148103 2023] [php:warn] [pid 5616:tid 1896] [client ::1:51050] PHP Warning:  Undefined variable $img in C:\\xampp\\htdocs\\cheatsheet-main\\skillhome.php on line 125, referer: http://localhost/cheatsheet-main/filteredskill.php
[Mon Jul 31 20:26:33.871618 2023] [php:warn] [pid 5616:tid 1856] [client ::1:51062] PHP Warning:  Undefined variable $img in C:\\xampp\\htdocs\\cheatsheet-main\\skillhome.php on line 125, referer: http://localhost/cheatsheet-main/filteredskill.php
[Mon Jul 31 20:26:33.872637 2023] [php:warn] [pid 5616:tid 1856] [client ::1:51062] PHP Warning:  Undefined variable $img in C:\\xampp\\htdocs\\cheatsheet-main\\skillhome.php on line 125, referer: http://localhost/cheatsheet-main/filteredskill.php
[Mon Jul 31 20:26:33.873617 2023] [php:warn] [pid 5616:tid 1856] [client ::1:51062] PHP Warning:  Undefined variable $img in C:\\xampp\\htdocs\\cheatsheet-main\\skillhome.php on line 125, referer: http://localhost/cheatsheet-main/filteredskill.php
[Mon Jul 31 20:26:33.874615 2023] [php:warn] [pid 5616:tid 1856] [client ::1:51062] PHP Warning:  Undefined variable $img in C:\\xampp\\htdocs\\cheatsheet-main\\skillhome.php on line 125, referer: http://localhost/cheatsheet-main/filteredskill.php
[Mon Jul 31 20:27:01.782373 2023] [php:warn] [pid 5616:tid 1856] [client ::1:51078] PHP Warning:  Undefined variable $img_bin in C:\\xampp\\htdocs\\cheatsheet-main\\skillhome.php on line 121, referer: http://localhost/cheatsheet-main/filteredskill.php
[Mon Jul 31 20:27:01.783374 2023] [php:warn] [pid 5616:tid 1856] [client ::1:51078] PHP Warning:  Undefined variable $img_bin in C:\\xampp\\htdocs\\cheatsheet-main\\skillhome.php on line 121, referer: http://localhost/cheatsheet-main/filteredskill.php
[Mon Jul 31 20:27:01.784512 2023] [php:warn] [pid 5616:tid 1856] [client ::1:51078] PHP Warning:  Undefined variable $img_bin in C:\\xampp\\htdocs\\cheatsheet-main\\skillhome.php on line 121, referer: http://localhost/cheatsheet-main/filteredskill.php
[Mon Jul 31 20:27:01.785372 2023] [php:warn] [pid 5616:tid 1856] [client ::1:51078] PHP Warning:  Undefined variable $img_bin in C:\\xampp\\htdocs\\cheatsheet-main\\skillhome.php on line 121, referer: http://localhost/cheatsheet-main/filteredskill.php
[Mon Jul 31 22:38:09.957297 2023] [php:warn] [pid 5616:tid 1856] [client ::1:53561] PHP Warning:  Undefined variable $fullName in C:\\xampp\\htdocs\\cheatsheet-main\\skillprofile.php on line 244, referer: http://localhost/cheatsheet-main/filteredskill1.php
[Mon Jul 31 22:38:09.958299 2023] [php:warn] [pid 5616:tid 1856] [client ::1:53561] PHP Warning:  Undefined variable $qualifications in C:\\xampp\\htdocs\\cheatsheet-main\\skillprofile.php on line 246, referer: http://localhost/cheatsheet-main/filteredskill1.php
[Mon Jul 31 22:38:09.959331 2023] [php:warn] [pid 5616:tid 1856] [client ::1:53561] PHP Warning:  Undefined variable $skillSets in C:\\xampp\\htdocs\\cheatsheet-main\\skillprofile.php on line 248, referer: http://localhost/cheatsheet-main/filteredskill1.php
[Mon Jul 31 22:38:09.959331 2023] [php:warn] [pid 5616:tid 1856] [client ::1:53561] PHP Warning:  Undefined variable $img in C:\\xampp\\htdocs\\cheatsheet-main\\skillprofile.php on line 250, referer: http://localhost/cheatsheet-main/filteredskill1.php
[Mon Jul 31 22:38:09.959331 2023] [php:warn] [pid 5616:tid 1856] [client ::1:53561] PHP Warning:  Undefined variable $email in C:\\xampp\\htdocs\\cheatsheet-main\\skillprofile.php on line 258, referer: http://localhost/cheatsheet-main/filteredskill1.php
[Mon Jul 31 22:38:09.960395 2023] [php:warn] [pid 5616:tid 1856] [client ::1:53561] PHP Warning:  Undefined variable $workNumber in C:\\xampp\\htdocs\\cheatsheet-main\\skillprofile.php on line 260, referer: http://localhost/cheatsheet-main/filteredskill1.php
[Mon Jul 31 22:38:09.961334 2023] [php:warn] [pid 5616:tid 1856] [client ::1:53561] PHP Warning:  Undefined variable $company in C:\\xampp\\htdocs\\cheatsheet-main\\skillprofile.php on line 264, referer: http://localhost/cheatsheet-main/filteredskill1.php
[Mon Jul 31 22:38:09.961334 2023] [php:warn] [pid 5616:tid 1856] [client ::1:53561] PHP Warning:  Undefined variable $department in C:\\xampp\\htdocs\\cheatsheet-main\\skillprofile.php on line 266, referer: http://localhost/cheatsheet-main/filteredskill1.php
[Mon Jul 31 22:42:36.218966 2023] [php:warn] [pid 5616:tid 1856] [client ::1:53654] PHP Warning:  Undefined variable $fullName in C:\\xampp\\htdocs\\cheatsheet-main\\skillprofile.php on line 244, referer: http://localhost/cheatsheet-main/filteredskill1.php
[Mon Jul 31 22:42:36.218966 2023] [php:warn] [pid 5616:tid 1856] [client ::1:53654] PHP Warning:  Undefined variable $qualifications in C:\\xampp\\htdocs\\cheatsheet-main\\skillprofile.php on line 246, referer: http://localhost/cheatsheet-main/filteredskill1.php
[Mon Jul 31 22:42:36.219967 2023] [php:warn] [pid 5616:tid 1856] [client ::1:53654] PHP Warning:  Undefined variable $skillSets in C:\\xampp\\htdocs\\cheatsheet-main\\skillprofile.php on line 248, referer: http://localhost/cheatsheet-main/filteredskill1.php
[Mon Jul 31 22:42:36.219967 2023] [php:warn] [pid 5616:tid 1856] [client ::1:53654] PHP Warning:  Undefined variable $img in C:\\xampp\\htdocs\\cheatsheet-main\\skillprofile.php on line 250, referer: http://localhost/cheatsheet-main/filteredskill1.php
[Mon Jul 31 22:42:36.220966 2023] [php:warn] [pid 5616:tid 1856] [client ::1:53654] PHP Warning:  Undefined variable $email in C:\\xampp\\htdocs\\cheatsheet-main\\skillprofile.php on line 258, referer: http://localhost/cheatsheet-main/filteredskill1.php
[Mon Jul 31 22:42:36.220966 2023] [php:warn] [pid 5616:tid 1856] [client ::1:53654] PHP Warning:  Undefined variable $workNumber in C:\\xampp\\htdocs\\cheatsheet-main\\skillprofile.php on line 260, referer: http://localhost/cheatsheet-main/filteredskill1.php
[Mon Jul 31 22:42:36.220966 2023] [php:warn] [pid 5616:tid 1856] [client ::1:53654] PHP Warning:  Undefined variable $company in C:\\xampp\\htdocs\\cheatsheet-main\\skillprofile.php on line 264, referer: http://localhost/cheatsheet-main/filteredskill1.php
[Mon Jul 31 22:42:36.221968 2023] [php:warn] [pid 5616:tid 1856] [client ::1:53654] PHP Warning:  Undefined variable $department in C:\\xampp\\htdocs\\cheatsheet-main\\skillprofile.php on line 266, referer: http://localhost/cheatsheet-main/filteredskill1.php
[Mon Jul 31 22:54:53.301846 2023] [php:warn] [pid 5616:tid 1856] [client ::1:53955] PHP Warning:  session_start(): Session cannot be started after headers have already been sent in C:\\xampp\\htdocs\\cheatsheet-main\\filteredskill.php on line 136, referer: http://localhost/cheatsheet-main/skillhome.php
[Mon Jul 31 22:54:53.302662 2023] [php:warn] [pid 5616:tid 1856] [client ::1:53955] PHP Warning:  Cannot modify header information - headers already sent by (output started at C:\\xampp\\htdocs\\cheatsheet-main\\filteredskill.php:133) in C:\\xampp\\htdocs\\cheatsheet-main\\filteredskill.php on line 141, referer: http://localhost/cheatsheet-main/skillhome.php
[Mon Jul 31 22:57:53.415777 2023] [php:warn] [pid 5616:tid 1856] [client ::1:54050] PHP Warning:  Undefined variable $fullName in C:\\xampp\\htdocs\\cheatsheet-main\\skillprofile.php on line 69, referer: http://localhost/cheatsheet-main/filteredskill.php
[Mon Jul 31 22:57:53.416179 2023] [php:warn] [pid 5616:tid 1856] [client ::1:54050] PHP Warning:  Undefined variable $qualifications in C:\\xampp\\htdocs\\cheatsheet-main\\skillprofile.php on line 71, referer: http://localhost/cheatsheet-main/filteredskill.php
[Mon Jul 31 22:57:53.416764 2023] [php:warn] [pid 5616:tid 1856] [client ::1:54050] PHP Warning:  Undefined variable $skillSets in C:\\xampp\\htdocs\\cheatsheet-main\\skillprofile.php on line 73, referer: http://localhost/cheatsheet-main/filteredskill.php
[Mon Jul 31 22:57:53.416764 2023] [php:warn] [pid 5616:tid 1856] [client ::1:54050] PHP Warning:  Undefined variable $img in C:\\xampp\\htdocs\\cheatsheet-main\\skillprofile.php on line 75, referer: http://localhost/cheatsheet-main/filteredskill.php
[Mon Jul 31 22:57:53.417984 2023] [php:warn] [pid 5616:tid 1856] [client ::1:54050] PHP Warning:  Undefined variable $email in C:\\xampp\\htdocs\\cheatsheet-main\\skillprofile.php on line 83, referer: http://localhost/cheatsheet-main/filteredskill.php
[Mon Jul 31 22:57:53.417984 2023] [php:warn] [pid 5616:tid 1856] [client ::1:54050] PHP Warning:  Undefined variable $workNumber in C:\\xampp\\htdocs\\cheatsheet-main\\skillprofile.php on line 85, referer: http://localhost/cheatsheet-main/filteredskill.php
[Mon Jul 31 22:57:53.418763 2023] [php:warn] [pid 5616:tid 1856] [client ::1:54050] PHP Warning:  Undefined variable $location in C:\\xampp\\htdocs\\cheatsheet-main\\skillprofile.php on line 87, referer: http://localhost/cheatsheet-main/filteredskill.php
[Mon Jul 31 22:57:53.418763 2023] [php:warn] [pid 5616:tid 1856] [client ::1:54050] PHP Warning:  Undefined variable $company in C:\\xampp\\htdocs\\cheatsheet-main\\skillprofile.php on line 89, referer: http://localhost/cheatsheet-main/filteredskill.php
[Mon Jul 31 22:57:53.419762 2023] [php:warn] [pid 5616:tid 1856] [client ::1:54050] PHP Warning:  Undefined variable $department in C:\\xampp\\htdocs\\cheatsheet-main\\skillprofile.php on line 91, referer: http://localhost/cheatsheet-main/filteredskill.php
[Mon Jul 31 22:59:53.424315 2023] [php:warn] [pid 5616:tid 1856] [client ::1:54091] PHP Warning:  Undefined variable $fullName in C:\\xampp\\htdocs\\cheatsheet-main\\skillprofile.php on line 245, referer: http://localhost/cheatsheet-main/filteredskill1.php
[Mon Jul 31 22:59:53.424315 2023] [php:warn] [pid 5616:tid 1856] [client ::1:54091] PHP Warning:  Undefined variable $qualifications in C:\\xampp\\htdocs\\cheatsheet-main\\skillprofile.php on line 247, referer: http://localhost/cheatsheet-main/filteredskill1.php
[Mon Jul 31 22:59:53.425318 2023] [php:warn] [pid 5616:tid 1856] [client ::1:54091] PHP Warning:  Undefined variable $skillSets in C:\\xampp\\htdocs\\cheatsheet-main\\skillprofile.php on line 249, referer: http://localhost/cheatsheet-main/filteredskill1.php
[Mon Jul 31 22:59:53.425318 2023] [php:warn] [pid 5616:tid 1856] [client ::1:54091] PHP Warning:  Undefined variable $img in C:\\xampp\\htdocs\\cheatsheet-main\\skillprofile.php on line 251, referer: http://localhost/cheatsheet-main/filteredskill1.php
[Mon Jul 31 22:59:53.426315 2023] [php:warn] [pid 5616:tid 1856] [client ::1:54091] PHP Warning:  Undefined variable $email in C:\\xampp\\htdocs\\cheatsheet-main\\skillprofile.php on line 259, referer: http://localhost/cheatsheet-main/filteredskill1.php
[Mon Jul 31 22:59:53.426315 2023] [php:warn] [pid 5616:tid 1856] [client ::1:54091] PHP Warning:  Undefined variable $workNumber in C:\\xampp\\htdocs\\cheatsheet-main\\skillprofile.php on line 261, referer: http://localhost/cheatsheet-main/filteredskill1.php
[Mon Jul 31 22:59:53.427316 2023] [php:warn] [pid 5616:tid 1856] [client ::1:54091] PHP Warning:  Undefined variable $company in C:\\xampp\\htdocs\\cheatsheet-main\\skillprofile.php on line 265, referer: http://localhost/cheatsheet-main/filteredskill1.php
[Mon Jul 31 22:59:53.427316 2023] [php:warn] [pid 5616:tid 1856] [client ::1:54091] PHP Warning:  Undefined variable $department in C:\\xampp\\htdocs\\cheatsheet-main\\skillprofile.php on line 267, referer: http://localhost/cheatsheet-main/filteredskill1.php
[Mon Jul 31 23:02:30.063725 2023] [php:warn] [pid 5616:tid 1856] [client ::1:54145] PHP Warning:  Undefined variable $fullName in C:\\xampp\\htdocs\\cheatsheet-main\\skillprofile.php on line 217, referer: http://localhost/cheatsheet-main/filteredskill1.php
[Mon Jul 31 23:02:30.064714 2023] [php:warn] [pid 5616:tid 1856] [client ::1:54145] PHP Warning:  Undefined variable $qualifications in C:\\xampp\\htdocs\\cheatsheet-main\\skillprofile.php on line 219, referer: http://localhost/cheatsheet-main/filteredskill1.php
[Mon Jul 31 23:02:30.064714 2023] [php:warn] [pid 5616:tid 1856] [client ::1:54145] PHP Warning:  Undefined variable $skillSets in C:\\xampp\\htdocs\\cheatsheet-main\\skillprofile.php on line 221, referer: http://localhost/cheatsheet-main/filteredskill1.php
[Mon Jul 31 23:02:30.065711 2023] [php:warn] [pid 5616:tid 1856] [client ::1:54145] PHP Warning:  Undefined variable $img in C:\\xampp\\htdocs\\cheatsheet-main\\skillprofile.php on line 223, referer: http://localhost/cheatsheet-main/filteredskill1.php
[Mon Jul 31 23:02:30.065711 2023] [php:warn] [pid 5616:tid 1856] [client ::1:54145] PHP Warning:  Undefined variable $email in C:\\xampp\\htdocs\\cheatsheet-main\\skillprofile.php on line 231, referer: http://localhost/cheatsheet-main/filteredskill1.php
[Mon Jul 31 23:02:30.065711 2023] [php:warn] [pid 5616:tid 1856] [client ::1:54145] PHP Warning:  Undefined variable $workNumber in C:\\xampp\\htdocs\\cheatsheet-main\\skillprofile.php on line 233, referer: http://localhost/cheatsheet-main/filteredskill1.php
